// Jest Snapshot v1, https://goo.gl/fbAQLP

exports[`Home page It matches snapshot 1`] = `
<div
  className="CenterWrapperColumn"
>
  <div
    className="NumberOfPlayersText"
  >
    <h2>
      Select number of players
    </h2>
  </div>
  <div
    className="NumberOfPlayersButtons"
  >
    <button
      onClick={[Function]}
    >
      2 Players
    </button>
    <button
      onClick={[Function]}
    >
      3 Players
    </button>
    <button
      onClick={[Function]}
    >
      4 Players
    </button>
  </div>
</div>
`;
